// Jest Snapshot v1, https://goo.gl/fbAQLP

exports[`Snapshot test of circular slider 1`] = `
<DocumentFragment>
  <div>
    <div>
      <div
        style="top: 42px; left: 53px;"
      >
        <div>
          <input
            maxlength="3"
            style="border: 1px solid #dedede; box-shadow: none;"
            title="Starting angle"
            type="number"
            value="320"
          />
        </div>
      </div>
      <div
        style="top: 84px; left: 53px;"
      >
        <div>
          <input
            maxlength="3"
            style="border: 1px solid #dedede; box-shadow: none;"
            title="Ending angle"
            type="number"
            value="040"
          />
        </div>
      </div>
      <svg
        height="156"
        width="156"
        xmlns="http://www.w3.org/2000/svg"
      >
        <circle
          cx="78"
          cy="78"
          fill="none"
          r="68"
          stroke="#dedede"
          stroke-width="4"
        />
        <path
          d="M78 82L71.5 74L78 77L84.5 74L78 82Z"
          fill="#dedede"
        />
        <g>
          <path
            d="M 121.70955745868467 25.908977867909492 A 68 68 0 0 0 34.29044254131531 25.908977867909513"
            fill="none"
            stroke="#91d5ff"
            stroke-width="4"
          />
        </g>
        <g>
          <circle
            cx="34.29044254131531"
            cy="25.908977867909513"
            data-testid="startHandle"
            fill="white"
            r="6"
            stroke="#91d5ff"
            stroke-width="2"
          />
        </g>
        <g>
          <circle
            cx="121.70955745868467"
            cy="25.908977867909492"
            data-testid="endHandle"
            fill="white"
            r="6"
            stroke="#91d5ff"
            stroke-width="2"
          />
        </g>
      </svg>
    </div>
  </div>
</DocumentFragment>
`;
